// Jest Snapshot v1, https://goo.gl/fbAQLP

exports[`TabNavigation renders correctly 1`] = `
<View
  style={
    Object {
      "flex": 1,
      "overflow": "hidden",
    }
  }
>
  <View
    style={
      Object {
        "flex": 1,
      }
    }
  >
    <View
      collapsable={false}
      pointerEvents="auto"
      removeClippedSubviews={false}
      style={
        Array [
          Object {
            "flex": 1,
            "overflow": "hidden",
          },
          Object {
            "bottom": 0,
            "left": 0,
            "position": "absolute",
            "right": 0,
            "top": 0,
          },
          Object {
            "opacity": 1,
          },
        ]
      }
    >
      <View
        style={
          Object {
            "flex": 1,
          }
        }
      >
        <View
          onLayout={[Function]}
          style={
            Object {
              "flex": 1,
            }
          }
        >
          <View
            collapsable={false}
            onGestureHandlerEvent={[Function]}
            onGestureHandlerStateChange={[Function]}
            style={
              Object {
                "backgroundColor": "#eee",
                "flex": 1,
                "flexDirection": "column-reverse",
                "overflow": "hidden",
              }
            }
          >
            <View
              style={
                Object {
                  "flex": 1,
                }
              }
            >
              <View
                pointerEvents="auto"
                style={
                  Object {
                    "bottom": 0,
                    "left": 0,
                    "opacity": 1,
                    "paddingTop": 64,
                    "position": "absolute",
                    "right": 0,
                    "top": 0,
                    "transform": Array [
                      Object {
                        "translateX": 0,
                      },
                      Object {
                        "translateY": 0,
                      },
                    ],
                  }
                }
              >
                <View
                  accessibilityElementsHidden={false}
                  style={
                    Object {
                      "backgroundColor": "#fff",
                      "flex": 1,
                    }
                  }
                >
                  <View
                    style={
                      Object {
                        "alignItems": "center",
                        "backgroundColor": "#F5FCFF",
                        "flex": 1,
                        "justifyContent": "center",
                      }
                    }
                  >
                    <Text
                      style={
                        Object {
                          "fontSize": 20,
                          "margin": 10,
                          "textAlign": "center",
                        }
                      }
                    >
                      Stack1
                    </Text>
                    <Text
                      style={
                        Object {
                          "color": "#333333",
                          "marginBottom": 5,
                          "textAlign": "center",
                        }
                      }
                    >
                      Page1
                    </Text>
                    <View
                      accessibilityRole="button"
                      accessibilityStates={Array []}
                      accessible={true}
                      isTVSelectable={true}
                      onResponderGrant={[Function]}
                      onResponderMove={[Function]}
                      onResponderRelease={[Function]}
                      onResponderTerminate={[Function]}
                      onResponderTerminationRequest={[Function]}
                      onStartShouldSetResponder={[Function]}
                      style={
                        Object {
                          "opacity": 1,
                        }
                      }
                    >
                      <View
                        style={
                          Array [
                            Object {},
                          ]
                        }
                      >
                        <Text
                          style={
                            Array [
                              Object {
                                "color": "#007AFF",
                                "fontSize": 18,
                                "padding": 8,
                                "textAlign": "center",
                              },
                            ]
                          }
                        >
                          Next
                        </Text>
                      </View>
                    </View>
                  </View>
                </View>
              </View>
            </View>
            <View
              onLayout={[Function]}
              pointerEvents="box-none"
              style={
                Object {
                  "left": 0,
                  "position": "absolute",
                  "right": 0,
                  "top": 0,
                }
              }
            >
              <View
                style={
                  Object {
                    "backgroundColor": "#fff",
                    "transform": Array [
                      Object {
                        "translateX": 0,
                      },
                    ],
                  }
                }
              >
                <View
                  onLayout={[Function]}
                  pointerEvents="box-none"
                  style={
                    Object {
                      "backgroundColor": "#fff",
                      "borderBottomColor": "#A7A7AA",
                      "borderBottomWidth": 0.5,
                      "height": 64,
                      "paddingBottom": 0,
                      "paddingLeft": 0,
                      "paddingRight": 0,
                      "paddingTop": 20,
                    }
                  }
                >
                  <View
                    style={
                      Object {
                        "flex": 1,
                      }
                    }
                  >
                    <View
                      style={
                        Object {
                          "bottom": 0,
                          "flexDirection": "row",
                          "left": 0,
                          "position": "absolute",
                          "right": 0,
                          "top": 0,
                        }
                      }
                    >
                      <View
                        pointerEvents="box-none"
                        style={
                          Object {
                            "alignItems": "center",
                            "backgroundColor": "transparent",
                            "bottom": 0,
                            "flexDirection": "row",
                            "justifyContent": "center",
                            "left": 0,
                            "opacity": 1,
                            "position": "absolute",
                            "right": 0,
                            "top": 0,
                          }
                        }
                      >
                        <View
                          style={
                            Object {
                              "flex": 1,
                              "flexDirection": "row",
                            }
                          }
                        >
                          <Image
                            source={
                              Object {
                                "testUri": "../../../assets/rn-logo.png",
                              }
                            }
                            style={
                              Object {
                                "height": 50,
                                "marginLeft": 10,
                                "width": 50,
                              }
                            }
                          />
                          <Text
                            style={
                              Object {
                                "alignSelf": "center",
                                "fontSize": 25,
                                "marginLeft": 5,
                              }
                            }
                          >
                            Stack1
                          </Text>
                        </View>
                      </View>
                    </View>
                  </View>
                </View>
              </View>
            </View>
          </View>
        </View>
      </View>
    </View>
  </View>
  <View
    onLayout={[Function]}
    pointerEvents="box-none"
    style={
      Object {
        "backgroundColor": "#fff",
        "borderTopColor": "rgba(0, 0, 0, .3)",
        "borderTopWidth": 0.5,
        "flexDirection": "row",
        "height": 49,
        "paddingBottom": 0,
        "paddingLeft": 0,
        "paddingRight": 0,
        "paddingTop": 0,
      }
    }
  >
    <View
      accessibilityLabel="Tab1, tab, 1 of 3"
      accessible={true}
      hitSlop={
        Object {
          "bottom": 5,
          "left": 15,
          "right": 15,
          "top": 5,
        }
      }
      onResponderGrant={[Function]}
      onResponderMove={[Function]}
      onResponderRelease={[Function]}
      onResponderTerminate={[Function]}
      onResponderTerminationRequest={[Function]}
      onStartShouldSetResponder={[Function]}
      style={
        Array [
          Object {
            "alignItems": "center",
            "flex": 1,
          },
          Object {
            "backgroundColor": "transparent",
          },
          Object {
            "flexDirection": "column",
            "justifyContent": "flex-end",
          },
          undefined,
        ]
      }
    >
      <View
        style={
          Array [
            Object {
              "height": 29,
            },
            false,
            Object {
              "flex": 1,
            },
          ]
        }
      >
        <View
          style={
            Object {
              "alignItems": "center",
              "alignSelf": "center",
              "height": "100%",
              "justifyContent": "center",
              "minWidth": 25,
              "opacity": 1,
              "position": "absolute",
              "width": "100%",
            }
          }
        >
          <Text
            allowFontScaling={false}
            style={
              Array [
                Object {
                  "color": "black",
                  "fontSize": 25,
                },
                undefined,
                Object {
                  "fontFamily": "Ionicons",
                  "fontStyle": "normal",
                  "fontWeight": "normal",
                },
                Object {},
              ]
            }
          >
            
          </Text>
        </View>
        <View
          style={
            Object {
              "alignItems": "center",
              "alignSelf": "center",
              "height": "100%",
              "justifyContent": "center",
              "minWidth": 25,
              "opacity": 0,
              "position": "absolute",
              "width": "100%",
            }
          }
        >
          <Text
            allowFontScaling={false}
            style={
              Array [
                Object {
                  "color": "gray",
                  "fontSize": 25,
                },
                undefined,
                Object {
                  "fontFamily": "Ionicons",
                  "fontStyle": "normal",
                  "fontWeight": "normal",
                },
                Object {},
              ]
            }
          >
            
          </Text>
        </View>
      </View>
      <Text
        allowFontScaling={true}
        numberOfLines={1}
        style={
          Object {
            "backgroundColor": "transparent",
            "color": "black",
            "fontSize": 11,
            "marginBottom": 1.5,
            "textAlign": "center",
          }
        }
      >
        Tab1
      </Text>
    </View>
    <View
      accessibilityLabel="Tab2, tab, 2 of 3"
      accessible={true}
      hitSlop={
        Object {
          "bottom": 5,
          "left": 15,
          "right": 15,
          "top": 5,
        }
      }
      onResponderGrant={[Function]}
      onResponderMove={[Function]}
      onResponderRelease={[Function]}
      onResponderTerminate={[Function]}
      onResponderTerminationRequest={[Function]}
      onStartShouldSetResponder={[Function]}
      style={
        Array [
          Object {
            "alignItems": "center",
            "flex": 1,
          },
          Object {
            "backgroundColor": "transparent",
          },
          Object {
            "flexDirection": "column",
            "justifyContent": "flex-end",
          },
          undefined,
        ]
      }
    >
      <View
        style={
          Array [
            Object {
              "height": 29,
            },
            false,
            Object {
              "flex": 1,
            },
          ]
        }
      >
        <View
          style={
            Object {
              "alignItems": "center",
              "alignSelf": "center",
              "height": "100%",
              "justifyContent": "center",
              "minWidth": 25,
              "opacity": 0,
              "position": "absolute",
              "width": "100%",
            }
          }
        >
          <Text
            allowFontScaling={false}
            style={
              Array [
                Object {
                  "color": "black",
                  "fontSize": 25,
                },
                undefined,
                Object {
                  "fontFamily": "Ionicons",
                  "fontStyle": "normal",
                  "fontWeight": "normal",
                },
                Object {},
              ]
            }
          >
            
          </Text>
        </View>
        <View
          style={
            Object {
              "alignItems": "center",
              "alignSelf": "center",
              "height": "100%",
              "justifyContent": "center",
              "minWidth": 25,
              "opacity": 1,
              "position": "absolute",
              "width": "100%",
            }
          }
        >
          <Text
            allowFontScaling={false}
            style={
              Array [
                Object {
                  "color": "gray",
                  "fontSize": 25,
                },
                undefined,
                Object {
                  "fontFamily": "Ionicons",
                  "fontStyle": "normal",
                  "fontWeight": "normal",
                },
                Object {},
              ]
            }
          >
            
          </Text>
        </View>
      </View>
      <Text
        allowFontScaling={true}
        numberOfLines={1}
        style={
          Object {
            "backgroundColor": "transparent",
            "color": "gray",
            "fontSize": 11,
            "marginBottom": 1.5,
            "textAlign": "center",
          }
        }
      >
        Tab2
      </Text>
    </View>
    <View
      accessibilityLabel="Tab3, tab, 3 of 3"
      accessible={true}
      hitSlop={
        Object {
          "bottom": 5,
          "left": 15,
          "right": 15,
          "top": 5,
        }
      }
      onResponderGrant={[Function]}
      onResponderMove={[Function]}
      onResponderRelease={[Function]}
      onResponderTerminate={[Function]}
      onResponderTerminationRequest={[Function]}
      onStartShouldSetResponder={[Function]}
      style={
        Array [
          Object {
            "alignItems": "center",
            "flex": 1,
          },
          Object {
            "backgroundColor": "transparent",
          },
          Object {
            "flexDirection": "column",
            "justifyContent": "flex-end",
          },
          undefined,
        ]
      }
    >
      <View
        style={
          Array [
            Object {
              "height": 29,
            },
            false,
            Object {
              "flex": 1,
            },
          ]
        }
      >
        <View
          style={
            Object {
              "alignItems": "center",
              "alignSelf": "center",
              "height": "100%",
              "justifyContent": "center",
              "minWidth": 25,
              "opacity": 0,
              "position": "absolute",
              "width": "100%",
            }
          }
        >
          <Text
            allowFontScaling={false}
            style={
              Array [
                Object {
                  "color": "black",
                  "fontSize": 25,
                },
                undefined,
                Object {
                  "fontFamily": "Ionicons",
                  "fontStyle": "normal",
                  "fontWeight": "normal",
                },
                Object {},
              ]
            }
          >
            
          </Text>
        </View>
        <View
          style={
            Object {
              "alignItems": "center",
              "alignSelf": "center",
              "height": "100%",
              "justifyContent": "center",
              "minWidth": 25,
              "opacity": 1,
              "position": "absolute",
              "width": "100%",
            }
          }
        >
          <Text
            allowFontScaling={false}
            style={
              Array [
                Object {
                  "color": "gray",
                  "fontSize": 25,
                },
                undefined,
                Object {
                  "fontFamily": "Ionicons",
                  "fontStyle": "normal",
                  "fontWeight": "normal",
                },
                Object {},
              ]
            }
          >
            
          </Text>
        </View>
      </View>
      <Text
        allowFontScaling={true}
        numberOfLines={1}
        style={
          Object {
            "backgroundColor": "transparent",
            "color": "gray",
            "fontSize": 11,
            "marginBottom": 1.5,
            "textAlign": "center",
          }
        }
      >
        Tab3
      </Text>
    </View>
  </View>
</View>
`;
